// Code was generated by GoRep. Please do not modify it!

package test_data

import "github.com/jmoiron/sqlx"

const (
	testRepositoryTableName = "table_name"
)

type TestRepository struct {
	database *sqlx.DB
}

func NewTestRepository() *TestRepository {
	return &TestRepository{}
}

func (r *TestRepository) FindById() TableTestDTO {

}
