// Code was generated by GoRep. Please do not modify it!

package package_name

type TableTestDTO struct {
    Value string `db:"value"`
    Id int64 `db:"id"`
}
