// Code was generated by GoRep. Please do not modify it!

package package_name

type TestDTO struct {
    Id int64 `db:"id"`
    Value string `db:"value"`
}
